
> groundfall-alpha-foundation@0.0.0-foundation smoke:dist
> npm run build && node scripts/browser-smoke.mjs dist/Groundfall_Master_v0_7_0.html evidence/browser-smoke-dist.json


> groundfall-alpha-foundation@0.0.0-foundation build
> node scripts/build.mjs

{
  "project_id": "GroundFall.Alpha",
  "task_id": "GF-FND-001",
  "baseline_id": "GF-A-P01-R2",
  "source_artifact": "Groundfall_Master_v0_7_0.html",
  "source_version": "0.7.0",
  "packaged_sha256": "5b05ff60123caa372ce05625c0716ebe90bfcfe4a7cfece9ac829d67317f299f",
  "packaged_bytes": 184358,
  "packaging": "byte-preserving standalone HTML copy",
  "external_runtime_dependencies": []
}
{
  "pass": false,
  "target": "dist/Groundfall_Master_v0_7_0.html",
  "error": "Error: Timed out waiting for GroundFall main menu\n    at waitFor (file:///mnt/data/GroundFall.Alpha_GF-FND-001/scripts/browser-smoke.mjs:121:9)\n    at async file:///mnt/data/GroundFall.Alpha_GF-FND-001/scripts/browser-smoke.mjs:163:3",
  "chromiumStderrTail": "[1983:2011:0922/235752.336595:ERROR:dbus/bus.cc:406] Failed to connect to the bus: Failed to connect to socket /run/dbus/system_bus_socket: No such file or directory\n[1983:2011:0922/235752.340785:ERROR:dbus/bus.cc:406] Failed to connect to the bus: Could not parse server address: Unknown address type (examples of valid types are \"tcp\" and on UNIX \"unix\")\n[1983:2011:0922/235752.340867:ERROR:dbus/bus.cc:406] Failed to connect to the bus: Failed to connect to socket /run/dbus/system_bus_socket: No such file or directory\n[1983:2011:0922/235752.340882:ERROR:dbus/bus.cc:406] Failed to connect to the bus: Failed to connect to socket /run/dbus/system_bus_socket: No such file or directory\n[1983:2011:0922/235752.352202:ERROR:dbus/bus.cc:406] Failed to connect to the bus: Could not parse server address: Unknown address type (examples of valid types are \"tcp\" and on UNIX \"unix\")\n[1983:2011:0922/235752.368875:ERROR:dbus/bus.cc:406] Failed to connect to the bus: Could not parse server address: Unknown address type (examples of valid types are \"tcp\" and on UNIX \"unix\")\n[1983:1983:0922/235752.384417:ERROR:dbus/object_proxy.cc:573] Failed to call method: org.freedesktop.DBus.NameHasOwner: object_path= /org/freedesktop/DBus: unknown error type: \n[1983:2011:0922/235752.384510:ERROR:dbus/bus.cc:406] Failed to connect to the bus: Could not parse server address: Unknown address type (examples of valid types are \"tcp\" and on UNIX \"unix\")\n\nDevTools listening on ws://127.0.0.1:46265/devtools/browser/4dea02e6-0d64-4814-9e79-9043f0158d9a\n[1983:1983:0922/235752.401785:ERROR:dbus/object_proxy.cc:573] Failed to call method: org.freedesktop.DBus.NameHasOwner: object_path= /org/freedesktop/DBus: unknown error type: \n[1983:1983:0922/235752.404652:ERROR:dbus/object_proxy.cc:573] Failed to call method: org.freedesktop.DBus.NameHasOwner: object_path= /org/freedesktop/DBus: unknown error type: \n[1983:1983:0922/235752.406684:ERROR:dbus/object_proxy.cc:573] Failed to call method: org.freedesktop.DBus.NameHasOwner: object_path= /org/freedesktop/DBus: unknown error type: \n[1983:2011:0922/235752.406703:ERROR:dbus/bus.cc:406] Failed to connect to the bus: Failed to connect to socket /run/dbus/system_bus_socket: No such file or directory\n[1983:2011:0922/235752.406725:ERROR:dbus/bus.cc:406] Failed to connect to the bus: Failed to connect to socket /run/dbus/system_bus_socket: No such file or directory\n[1983:2011:0922/235752.425940:ERROR:dbus/bus.cc:406] Failed to connect to the bus: Could not parse server address: Unknown address type (examples of valid types are \"tcp\" and on UNIX \"unix\")\n[1983:1983:0922/235752.487266:ERROR:dbus/object_proxy.cc:573] Failed to call method: org.freedesktop.DBus.Properties.GetAll: object_path= /org/freedesktop/UPower/devices/DisplayDevice: unknown error type: \n[1983:1983:0922/235752.489280:ERROR:dbus/object_proxy.cc:573] Failed to call method: org.freedesktop.DBus.NameHasOwner: object_path= /org/freedesktop/DBus: unknown error type: \n[1983:2011:0922/235752.489633:ERROR:dbus/bus.cc:406] Failed to connect to the bus: Could not parse server address: Unknown address type (examples of valid types are \"tcp\" and on UNIX \"unix\")\n[1983:1983:0922/235752.494690:ERROR:dbus/object_proxy.cc:573] Failed to call method: org.freedesktop.DBus.NameHasOwner: object_path= /org/freedesktop/DBus: unknown error type: \n[1983:2011:0922/235752.494757:ERROR:dbus/bus.cc:406] Failed to connect to the bus: Could not parse server address: Unknown address type (examples of valid types are \"tcp\" and on UNIX \"unix\")\n[1983:1983:0922/235752.496292:ERROR:dbus/object_proxy.cc:573] Failed to call method: org.freedesktop.DBus.NameHasOwner: object_path= /org/freedesktop/DBus: unknown error type: \n[1983:2011:0922/235752.496386:ERROR:dbus/bus.cc:406] Failed to connect to the bus: Could not parse server address: Unknown address type (examples of valid types are \"tcp\" and on UNIX \"unix\")\n[1983:1983:0922/235752.496693:ERROR:dbus/object_proxy.cc:573] Failed to call method: org.freedesktop.DBus.NameHasOwner: object_path= /org/freedesktop/DBus: unknown error type: \n[1983:2011:0922/235752.496755:ERROR:dbus/bus.cc:406] Failed to connect to the bus: Could not parse server address: Unknown address type (examples of valid types are \"tcp\" and on UNIX \"unix\")\n[1983:1983:0922/235752.498048:ERROR:dbus/object_proxy.cc:573] Failed to call method: org.freedesktop.DBus.NameHasOwner: object_path= /org/freedesktop/DBus: unknown error type: \n"
}
